[36mvite v4.5.14 [32mbuilding for production...[36m[39m
transforming...
DEPRECATION WARNING [legacy-js-api]: The legacy JS API is deprecated and will be removed in Dart Sass 2.0.0.

More info: https://sass-lang.com/d/legacy-js-api

DEPRECATION WARNING [legacy-js-api]: The legacy JS API is deprecated and will be removed in Dart Sass 2.0.0.

More info: https://sass-lang.com/d/legacy-js-api

DEPRECATION WARNING [legacy-js-api]: The legacy JS API is deprecated and will be removed in Dart Sass 2.0.0.

More info: https://sass-lang.com/d/legacy-js-api

DEPRECATION WARNING [legacy-js-api]: The legacy JS API is deprecated and will be removed in Dart Sass 2.0.0.

More info: https://sass-lang.com/d/legacy-js-api

DEPRECATION WARNING [legacy-js-api]: The legacy JS API is deprecated and will be removed in Dart Sass 2.0.0.

More info: https://sass-lang.com/d/legacy-js-api

DEPRECATION WARNING [legacy-js-api]: The legacy JS API is deprecated and will be removed in Dart Sass 2.0.0.

More info: https://sass-lang.com/d/legacy-js-api

DEPRECATION WARNING [legacy-js-api]: The legacy JS API is deprecated and will be removed in Dart Sass 2.0.0.

More info: https://sass-lang.com/d/legacy-js-api

DEPRECATION WARNING [legacy-js-api]: The legacy JS API is deprecated and will be removed in Dart Sass 2.0.0.

More info: https://sass-lang.com/d/legacy-js-api

DEPRECATION WARNING [legacy-js-api]: The legacy JS API is deprecated and will be removed in Dart Sass 2.0.0.

More info: https://sass-lang.com/d/legacy-js-api

DEPRECATION WARNING [legacy-js-api]: The legacy JS API is deprecated and will be removed in Dart Sass 2.0.0.

More info: https://sass-lang.com/d/legacy-js-api

DEPRECATION WARNING [legacy-js-api]: The legacy JS API is deprecated and will be removed in Dart Sass 2.0.0.

More info: https://sass-lang.com/d/legacy-js-api

DEPRECATION WARNING [legacy-js-api]: The legacy JS API is deprecated and will be removed in Dart Sass 2.0.0.

More info: https://sass-lang.com/d/legacy-js-api

DEPRECATION WARNING [legacy-js-api]: The legacy JS API is deprecated and will be removed in Dart Sass 2.0.0.

More info: https://sass-lang.com/d/legacy-js-api

DEPRECATION WARNING [legacy-js-api]: The legacy JS API is deprecated and will be removed in Dart Sass 2.0.0.

More info: https://sass-lang.com/d/legacy-js-api

DEPRECATION WARNING [legacy-js-api]: The legacy JS API is deprecated and will be removed in Dart Sass 2.0.0.

More info: https://sass-lang.com/d/legacy-js-api

DEPRECATION WARNING [legacy-js-api]: The legacy JS API is deprecated and will be removed in Dart Sass 2.0.0.

More info: https://sass-lang.com/d/legacy-js-api

DEPRECATION WARNING [legacy-js-api]: The legacy JS API is deprecated and will be removed in Dart Sass 2.0.0.

More info: https://sass-lang.com/d/legacy-js-api

DEPRECATION WARNING [legacy-js-api]: The legacy JS API is deprecated and will be removed in Dart Sass 2.0.0.

More info: https://sass-lang.com/d/legacy-js-api

DEPRECATION WARNING [legacy-js-api]: The legacy JS API is deprecated and will be removed in Dart Sass 2.0.0.

More info: https://sass-lang.com/d/legacy-js-api

DEPRECATION WARNING [legacy-js-api]: The legacy JS API is deprecated and will be removed in Dart Sass 2.0.0.

More info: https://sass-lang.com/d/legacy-js-api

DEPRECATION WARNING [legacy-js-api]: The legacy JS API is deprecated and will be removed in Dart Sass 2.0.0.

More info: https://sass-lang.com/d/legacy-js-api

DEPRECATION WARNING [legacy-js-api]: The legacy JS API is deprecated and will be removed in Dart Sass 2.0.0.

More info: https://sass-lang.com/d/legacy-js-api

DEPRECATION WARNING [legacy-js-api]: The legacy JS API is deprecated and will be removed in Dart Sass 2.0.0.

More info: https://sass-lang.com/d/legacy-js-api

DEPRECATION WARNING [legacy-js-api]: The legacy JS API is deprecated and will be removed in Dart Sass 2.0.0.

More info: https://sass-lang.com/d/legacy-js-api

DEPRECATION WARNING [legacy-js-api]: The legacy JS API is deprecated and will be removed in Dart Sass 2.0.0.

More info: https://sass-lang.com/d/legacy-js-api

DEPRECATION WARNING [legacy-js-api]: The legacy JS API is deprecated and will be removed in Dart Sass 2.0.0.

More info: https://sass-lang.com/d/legacy-js-api

DEPRECATION WARNING [legacy-js-api]: The legacy JS API is deprecated and will be removed in Dart Sass 2.0.0.

More info: https://sass-lang.com/d/legacy-js-api

DEPRECATION WARNING [legacy-js-api]: The legacy JS API is deprecated and will be removed in Dart Sass 2.0.0.

More info: https://sass-lang.com/d/legacy-js-api

DEPRECATION WARNING [legacy-js-api]: The legacy JS API is deprecated and will be removed in Dart Sass 2.0.0.

More info: https://sass-lang.com/d/legacy-js-api

DEPRECATION WARNING [legacy-js-api]: The legacy JS API is deprecated and will be removed in Dart Sass 2.0.0.

More info: https://sass-lang.com/d/legacy-js-api

DEPRECATION WARNING [legacy-js-api]: The legacy JS API is deprecated and will be removed in Dart Sass 2.0.0.

More info: https://sass-lang.com/d/legacy-js-api

DEPRECATION WARNING [legacy-js-api]: The legacy JS API is deprecated and will be removed in Dart Sass 2.0.0.

More info: https://sass-lang.com/d/legacy-js-api

[1m[33m[@vue/compiler-sfc][0m[33m ::v-deep usage as a combinator has been deprecated. Use :deep(<inner-selector>) instead of ::v-deep <inner-selector>.[0m

DEPRECATION WARNING [legacy-js-api]: The legacy JS API is deprecated and will be removed in Dart Sass 2.0.0.

More info: https://sass-lang.com/d/legacy-js-api

DEPRECATION WARNING [legacy-js-api]: The legacy JS API is deprecated and will be removed in Dart Sass 2.0.0.

More info: https://sass-lang.com/d/legacy-js-api

DEPRECATION WARNING [legacy-js-api]: The legacy JS API is deprecated and will be removed in Dart Sass 2.0.0.

More info: https://sass-lang.com/d/legacy-js-api

DEPRECATION WARNING [legacy-js-api]: The legacy JS API is deprecated and will be removed in Dart Sass 2.0.0.

More info: https://sass-lang.com/d/legacy-js-api

DEPRECATION WARNING [legacy-js-api]: The legacy JS API is deprecated and will be removed in Dart Sass 2.0.0.

More info: https://sass-lang.com/d/legacy-js-api

DEPRECATION WARNING [legacy-js-api]: The legacy JS API is deprecated and will be removed in Dart Sass 2.0.0.

More info: https://sass-lang.com/d/legacy-js-api

DEPRECATION WARNING [legacy-js-api]: The legacy JS API is deprecated and will be removed in Dart Sass 2.0.0.

More info: https://sass-lang.com/d/legacy-js-api

DEPRECATION WARNING [legacy-js-api]: The legacy JS API is deprecated and will be removed in Dart Sass 2.0.0.

More info: https://sass-lang.com/d/legacy-js-api

DEPRECATION WARNING [legacy-js-api]: The legacy JS API is deprecated and will be removed in Dart Sass 2.0.0.

More info: https://sass-lang.com/d/legacy-js-api

DEPRECATION WARNING [legacy-js-api]: The legacy JS API is deprecated and will be removed in Dart Sass 2.0.0.

More info: https://sass-lang.com/d/legacy-js-api

DEPRECATION WARNING [legacy-js-api]: The legacy JS API is deprecated and will be removed in Dart Sass 2.0.0.

More info: https://sass-lang.com/d/legacy-js-api

DEPRECATION WARNING [legacy-js-api]: The legacy JS API is deprecated and will be removed in Dart Sass 2.0.0.

More info: https://sass-lang.com/d/legacy-js-api

DEPRECATION WARNING [legacy-js-api]: The legacy JS API is deprecated and will be removed in Dart Sass 2.0.0.

More info: https://sass-lang.com/d/legacy-js-api

DEPRECATION WARNING [legacy-js-api]: The legacy JS API is deprecated and will be removed in Dart Sass 2.0.0.

More info: https://sass-lang.com/d/legacy-js-api

DEPRECATION WARNING [legacy-js-api]: The legacy JS API is deprecated and will be removed in Dart Sass 2.0.0.

More info: https://sass-lang.com/d/legacy-js-api

DEPRECATION WARNING [legacy-js-api]: The legacy JS API is deprecated and will be removed in Dart Sass 2.0.0.

More info: https://sass-lang.com/d/legacy-js-api

DEPRECATION WARNING [legacy-js-api]: The legacy JS API is deprecated and will be removed in Dart Sass 2.0.0.

More info: https://sass-lang.com/d/legacy-js-api

DEPRECATION WARNING [legacy-js-api]: The legacy JS API is deprecated and will be removed in Dart Sass 2.0.0.

More info: https://sass-lang.com/d/legacy-js-api

DEPRECATION WARNING [legacy-js-api]: The legacy JS API is deprecated and will be removed in Dart Sass 2.0.0.

More info: https://sass-lang.com/d/legacy-js-api

DEPRECATION WARNING [legacy-js-api]: The legacy JS API is deprecated and will be removed in Dart Sass 2.0.0.

More info: https://sass-lang.com/d/legacy-js-api

DEPRECATION WARNING [legacy-js-api]: The legacy JS API is deprecated and will be removed in Dart Sass 2.0.0.

More info: https://sass-lang.com/d/legacy-js-api

DEPRECATION WARNING [legacy-js-api]: The legacy JS API is deprecated and will be removed in Dart Sass 2.0.0.

More info: https://sass-lang.com/d/legacy-js-api

DEPRECATION WARNING [legacy-js-api]: The legacy JS API is deprecated and will be removed in Dart Sass 2.0.0.

More info: https://sass-lang.com/d/legacy-js-api

DEPRECATION WARNING [legacy-js-api]: The legacy JS API is deprecated and will be removed in Dart Sass 2.0.0.

More info: https://sass-lang.com/d/legacy-js-api

DEPRECATION WARNING [legacy-js-api]: The legacy JS API is deprecated and will be removed in Dart Sass 2.0.0.

More info: https://sass-lang.com/d/legacy-js-api

DEPRECATION WARNING [legacy-js-api]: The legacy JS API is deprecated and will be removed in Dart Sass 2.0.0.

More info: https://sass-lang.com/d/legacy-js-api

DEPRECATION WARNING [legacy-js-api]: The legacy JS API is deprecated and will be removed in Dart Sass 2.0.0.

More info: https://sass-lang.com/d/legacy-js-api

DEPRECATION WARNING [legacy-js-api]: The legacy JS API is deprecated and will be removed in Dart Sass 2.0.0.

More info: https://sass-lang.com/d/legacy-js-api

DEPRECATION WARNING [legacy-js-api]: The legacy JS API is deprecated and will be removed in Dart Sass 2.0.0.

More info: https://sass-lang.com/d/legacy-js-api

DEPRECATION WARNING [legacy-js-api]: The legacy JS API is deprecated and will be removed in Dart Sass 2.0.0.

More info: https://sass-lang.com/d/legacy-js-api

DEPRECATION WARNING [legacy-js-api]: The legacy JS API is deprecated and will be removed in Dart Sass 2.0.0.

More info: https://sass-lang.com/d/legacy-js-api

DEPRECATION WARNING [legacy-js-api]: The legacy JS API is deprecated and will be removed in Dart Sass 2.0.0.

More info: https://sass-lang.com/d/legacy-js-api

[32m✓[39m 2719 modules transformed.
rendering chunks...
computing gzip size...
[2mdist/[22m[32mindex.html                                    [39m[1m[2m    0.49 kB[22m[1m[22m[2m │ gzip:   0.33 kB[22m
[2mdist/[22m[35massets/index-1ad8cfdd.css                     [39m[1m[2m    0.48 kB[22m[1m[22m[2m │ gzip:   0.29 kB[22m
[2mdist/[22m[35massets/MapView-2d1af263.css                   [39m[1m[2m    0.68 kB[22m[1m[22m[2m │ gzip:   0.34 kB[22m
[2mdist/[22m[35massets/index-a33f77e0.css                     [39m[1m[2m    0.83 kB[22m[1m[22m[2m │ gzip:   0.40 kB[22m
[2mdist/[22m[35massets/index-0a325a25.css                     [39m[1m[2m    0.86 kB[22m[1m[22m[2m │ gzip:   0.40 kB[22m
[2mdist/[22m[35massets/index-710a2206.css                     [39m[1m[2m    2.16 kB[22m[1m[22m[2m │ gzip:   0.83 kB[22m
[2mdist/[22m[35massets/index-22300421.css                     [39m[1m[2m    2.38 kB[22m[1m[22m[2m │ gzip:   0.88 kB[22m
[2mdist/[22m[35massets/fundStockToolsList-c31406ec.css        [39m[1m[2m    2.45 kB[22m[1m[22m[2m │ gzip:   0.89 kB[22m
[2mdist/[22m[35massets/index-cd0ca8dc.css                     [39m[1m[2m    2.87 kB[22m[1m[22m[2m │ gzip:   0.97 kB[22m
[2mdist/[22m[35massets/index-a402abe6.css                     [39m[1m[2m    3.21 kB[22m[1m[22m[2m │ gzip:   0.94 kB[22m
[2mdist/[22m[35massets/Login-e02f87b2.css                     [39m[1m[2m    3.59 kB[22m[1m[22m[2m │ gzip:   0.99 kB[22m
[2mdist/[22m[35massets/Register-b59e7bc7.css                  [39m[1m[2m    3.59 kB[22m[1m[22m[2m │ gzip:   0.98 kB[22m
[2mdist/[22m[35massets/index-9f16ea33.css                     [39m[1m[2m    7.52 kB[22m[1m[22m[2m │ gzip:   1.79 kB[22m
[2mdist/[22m[35massets/index-8e61f02f.css                     [39m[1m[2m   10.35 kB[22m[1m[22m[2m │ gzip:   2.28 kB[22m
[2mdist/[22m[35massets/AppLayout-a7dd5fd4.css                 [39m[1m[2m   10.78 kB[22m[1m[22m[2m │ gzip:   2.31 kB[22m
[2mdist/[22m[35massets/DaDaoQiXianDetail-20c89df5.css         [39m[1m[2m   13.33 kB[22m[1m[22m[2m │ gzip:   2.80 kB[22m
[2mdist/[22m[35massets/WeatherPanel-5cf91381.css              [39m[1m[2m   13.75 kB[22m[1m[22m[2m │ gzip:   2.73 kB[22m
[2mdist/[22m[35massets/stockDetail-230a4856.css               [39m[1m[2m   14.36 kB[22m[1m[22m[2m │ gzip:   2.99 kB[22m
[2mdist/[22m[35massets/index-8d55d39f.css                     [39m[1m[2m   15.13 kB[22m[1m[22m[2m │ gzip:   3.20 kB[22m
[2mdist/[22m[35massets/index-57fb1fb6.css                     [39m[1m[2m   16.20 kB[22m[1m[22m[2m │ gzip:   2.56 kB[22m
[2mdist/[22m[35massets/index-4bd2d641.css                     [39m[1m[2m   20.66 kB[22m[1m[22m[2m │ gzip:   3.55 kB[22m
[2mdist/[22m[35massets/fundInformationSearch-4c02498e.css     [39m[1m[2m   23.89 kB[22m[1m[22m[2m │ gzip:   3.98 kB[22m
[2mdist/[22m[35massets/index-9262278c.css                     [39m[1m[2m   26.86 kB[22m[1m[22m[2m │ gzip:   4.90 kB[22m
[2mdist/[22m[35massets/index-398966fb.css                     [39m[1m[2m   31.17 kB[22m[1m[22m[2m │ gzip:   5.90 kB[22m
[2mdist/[22m[35massets/index-0ad0b7ee.css                     [39m[1m[2m   33.87 kB[22m[1m[22m[2m │ gzip:   5.38 kB[22m
[2mdist/[22m[35massets/index-a02d83ea.css                     [39m[1m[2m   36.45 kB[22m[1m[22m[2m │ gzip:   5.10 kB[22m
[2mdist/[22m[35massets/index-2195cfda.css                     [39m[1m[2m   44.62 kB[22m[1m[22m[2m │ gzip:   7.17 kB[22m
[2mdist/[22m[35massets/index-3cc3439c.css                     [39m[1m[2m   50.51 kB[22m[1m[22m[2m │ gzip:   8.45 kB[22m
[2mdist/[22m[35massets/index-f788d9c0.css                     [39m[1m[2m   54.37 kB[22m[1m[22m[2m │ gzip:   7.95 kB[22m
[2mdist/[22m[35massets/index-5c31456d.css                     [39m[1m[2m   90.31 kB[22m[1m[22m[2m │ gzip:  12.87 kB[22m
[2mdist/[22m[35massets/index-97226cfc.css                     [39m[1m[2m  402.03 kB[22m[1m[22m[2m │ gzip:  53.90 kB[22m
[2mdist/[22m[36massets/favicon-00e29786.js                    [39m[1m[2m    0.05 kB[22m[1m[22m[2m │ gzip:   0.07 kB[22m
[2mdist/[22m[36massets/_plugin-vue_export-helper-c27b6911.js  [39m[1m[2m    0.09 kB[22m[1m[22m[2m │ gzip:   0.10 kB[22m
[2mdist/[22m[36massets/stats-da92662b.js                      [39m[1m[2m    0.44 kB[22m[1m[22m[2m │ gzip:   0.34 kB[22m
[2mdist/[22m[36massets/index-afa3c881.js                      [39m[1m[2m    0.46 kB[22m[1m[22m[2m │ gzip:   0.40 kB[22m
[2mdist/[22m[36massets/index-07c21b34.js                      [39m[1m[2m    0.86 kB[22m[1m[22m[2m │ gzip:   0.53 kB[22m
[2mdist/[22m[36massets/index-1c23c853.js                      [39m[1m[2m    0.94 kB[22m[1m[22m[2m │ gzip:   0.63 kB[22m
[2mdist/[22m[36massets/index-34f4a6fd.js                      [39m[1m[2m    1.02 kB[22m[1m[22m[2m │ gzip:   0.66 kB[22m
[2mdist/[22m[36massets/index-6eab4c50.js                      [39m[1m[2m    2.02 kB[22m[1m[22m[2m │ gzip:   0.88 kB[22m
[2mdist/[22m[36massets/toolsRegistry-68d9a71e.js              [39m[1m[2m    2.07 kB[22m[1m[22m[2m │ gzip:   1.24 kB[22m
[2mdist/[22m[36massets/fundStockToolsList-2defcf74.js         [39m[1m[2m    2.32 kB[22m[1m[22m[2m │ gzip:   0.98 kB[22m
[2mdist/[22m[36massets/Login-4f6d0c2b.js                      [39m[1m[2m    2.77 kB[22m[1m[22m[2m │ gzip:   1.48 kB[22m
[2mdist/[22m[36massets/index-0ae205f6.js                      [39m[1m[2m    2.87 kB[22m[1m[22m[2m │ gzip:   1.08 kB[22m
[2mdist/[22m[36massets/MapView-83b84776.js                    [39m[1m[2m    3.10 kB[22m[1m[22m[2m │ gzip:   1.79 kB[22m
[2mdist/[22m[36massets/Register-4980c478.js                   [39m[1m[2m    3.63 kB[22m[1m[22m[2m │ gzip:   1.74 kB[22m
[2mdist/[22m[36massets/index-4b2cc24c.js                      [39m[1m[2m    3.63 kB[22m[1m[22m[2m │ gzip:   1.96 kB[22m
[2mdist/[22m[36massets/cities-88e2f4e9.js                     [39m[1m[2m    3.68 kB[22m[1m[22m[2m │ gzip:   1.43 kB[22m
[2mdist/[22m[36massets/index-7172ecf4.js                      [39m[1m[2m    5.31 kB[22m[1m[22m[2m │ gzip:   2.72 kB[22m
[2mdist/[22m[36massets/AppLayout-677cacfd.js                  [39m[1m[2m    7.26 kB[22m[1m[22m[2m │ gzip:   2.98 kB[22m
[2mdist/[22m[36massets/stockAnalysis-c8f7a66e.js              [39m[1m[2m   12.75 kB[22m[1m[22m[2m │ gzip:   8.53 kB[22m
[2mdist/[22m[36massets/index-c7c94336.js                      [39m[1m[2m   13.28 kB[22m[1m[22m[2m │ gzip:   5.00 kB[22m
[2mdist/[22m[36massets/index-4479ea65.js                      [39m[1m[2m   13.73 kB[22m[1m[22m[2m │ gzip:   5.58 kB[22m
[2mdist/[22m[36massets/WeatherPanel-aedd07fd.js               [39m[1m[2m   14.82 kB[22m[1m[22m[2m │ gzip:   4.24 kB[22m
[2mdist/[22m[36massets/DaDaoQiXianDetail-43bf2e7a.js          [39m[1m[2m   17.07 kB[22m[1m[22m[2m │ gzip:   5.58 kB[22m
[2mdist/[22m[36massets/fundInformationSearch-a7378aff.js      [39m[1m[2m   23.39 kB[22m[1m[22m[2m │ gzip:   8.76 kB[22m
[2mdist/[22m[36massets/purify.es-20eb45d7.js                  [39m[1m[2m   28.14 kB[22m[1m[22m[2m │ gzip:  10.66 kB[22m
[2mdist/[22m[36massets/index-9284eddd.js                      [39m[1m[2m   29.37 kB[22m[1m[22m[2m │ gzip:   8.82 kB[22m
[2mdist/[22m[36massets/stockDetail-9d6f3a23.js                [39m[1m[2m   30.52 kB[22m[1m[22m[2m │ gzip:  12.29 kB[22m
[2mdist/[22m[36massets/index-8f6d155e.js                      [39m[1m[2m   31.56 kB[22m[1m[22m[2m │ gzip:  11.35 kB[22m
[2mdist/[22m[36massets/index-24727a2d.js                      [39m[1m[2m   38.82 kB[22m[1m[22m[2m │ gzip:  11.48 kB[22m
[2mdist/[22m[36massets/index-a3656890.js                      [39m[1m[2m   41.54 kB[22m[1m[22m[2m │ gzip:  13.43 kB[22m
[2mdist/[22m[36massets/index-de6e0285.js                      [39m[1m[2m   45.50 kB[22m[1m[22m[2m │ gzip:  12.31 kB[22m
[2mdist/[22m[36massets/index-341a30b8.js                      [39m[1m[2m   46.51 kB[22m[1m[22m[2m │ gzip:  16.03 kB[22m
[2mdist/[22m[36massets/index-dfe2aad8.js                      [39m[1m[2m   46.81 kB[22m[1m[22m[2m │ gzip:  17.42 kB[22m
[2mdist/[22m[36massets/index-5e08107e.js                      [39m[1m[2m   59.04 kB[22m[1m[22m[2m │ gzip:  20.03 kB[22m
[2mdist/[22m[36massets/index-f7e743e7.js                      [39m[1m[2m   97.42 kB[22m[1m[22m[2m │ gzip:  28.81 kB[22m
[2mdist/[22m[36massets/vuedraggable.umd-95e46cf3.js           [39m[1m[2m  100.90 kB[22m[1m[22m[2m │ gzip:  36.00 kB[22m
[2mdist/[22m[36massets/index.es-a693ad56.js                   [39m[1m[2m  150.89 kB[22m[1m[22m[2m │ gzip:  51.47 kB[22m
[2mdist/[22m[36massets/html2canvas.esm-e0a7d97b.js            [39m[1m[2m  201.43 kB[22m[1m[22m[2m │ gzip:  47.71 kB[22m
[2mdist/[22m[36massets/jspdf.es.min-7f3f0247.js               [39m[1m[2m  416.14 kB[22m[1m[22m[2m │ gzip: 134.81 kB[22m
[2mdist/[22m[36massets/index-ddf8e0fa.js                      [39m[1m[33m  553.03 kB[39m[22m[2m │ gzip: 171.83 kB[22m
[2mdist/[22m[36massets/index-07e7dfa5.js                      [39m[1m[33m1,130.29 kB[39m[22m[2m │ gzip: 379.83 kB[22m
[2mdist/[22m[36massets/index-f6a0eab8.js                      [39m[1m[33m1,275.37 kB[39m[22m[2m │ gzip: 413.16 kB[22m
[33m
(!) Some chunks are larger than 500 kBs after minification. Consider:
- Using dynamic import() to code-split the application
- Use build.rollupOptions.output.manualChunks to improve chunking: https://rollupjs.org/configuration-options/#output-manualchunks
- Adjust chunk size limit for this warning via build.chunkSizeWarningLimit.[39m
[32m✓ built in 1m 6s[39m
